
ckkus@DESKTOP-UDT8AET MINGW64 ~/Desktop/swiggyFood (main)
$ git init
Reinitialized existing Git repository in C:/Users/ckkus/Desktop/swiggyFood/.git/

ckkus@DESKTOP-UDT8AET MINGW64 ~/Desktop/swiggyFood (main)
$ git status
On branch main
Your branch is up to date with 'origin/main'.

Changes not staged for commit:
  (use "git add <file>..." to update what will be committed)
  (use "git restore <file>..." to discard changes in working directory)
        modified:   index.html

Untracked files:
  (use "git add <file>..." to include in what will be committed)
        Untitled-1.html

no changes added to commit (use "git add" and/or "git commit -a")

ckkus@DESKTOP-UDT8AET MINGW64 ~/Desktop/swiggyFood (main)
$ git add .

ckkus@DESKTOP-UDT8AET MINGW64 ~/Desktop/swiggyFood (main)
$ git status
On branch main
Your branch is up to date with 'origin/main'.

Changes to be committed:
  (use "git restore --staged <file>..." to unstage)
        new file:   Untitled-1.html
        modified:   index.html


ckkus@DESKTOP-UDT8AET MINGW64 ~/Desktop/swiggyFood (main)
$ git commit -m "ver2" .
[main 2204628] ver2
 2 files changed, 129 insertions(+)
 create mode 100644 Untitled-1.html

ckkus@DESKTOP-UDT8AET MINGW64 ~/Desktop/swiggyFood (main)
$ git status
On branch main
Your branch is ahead of 'origin/main' by 1 commit.
  (use "git push" to publish your local commits)

nothing to commit, working tree clean

ckkus@DESKTOP-UDT8AET MINGW64 ~/Desktop/swiggyFood (main)
$
 git push -u origin main
